// Jest Snapshot v1, https://goo.gl/fbAQLP

exports[`++ Snapshot for Test should render TableRow 1`] = `
<div>
  <input
    onChange={[Function]}
    value={undefined}
  />
  <p />
</div>
`;
